FAIL test_T01: 
PASS test_T02
FAIL test_T03: no attempt
FAIL test_T04: 
FAIL test_T05: 
PASS test_regression_simple

2/6 passed
FAILED: ['test_T01', 'test_T03', 'test_T04', 'test_T05']
Traceback (most recent call last):
  File "/home/sumeet/Documents/Lace/research/F02/pilot/worktrees_2a-pilot/T02/run_tests.py", line 9, in <module>
    t()
    ~^^
  File "/home/sumeet/Documents/Lace/research/F02/pilot/worktrees_2a-pilot/T02/tests_reference.py", line 12, in test_T01
    assert d == datetime(2024,1,15,12,30,0, tzinfo=timezone.utc)
           ^^^^^^^^^^^^^^^^^^^^^^^^^^^^^^^^^^^^^^^^^^^^^^^^^^^^^
AssertionError
Traceback (most recent call last):
  File "/home/sumeet/Documents/Lace/research/F02/pilot/worktrees_2a-pilot/T02/run_tests.py", line 9, in <module>
    t()
    ~^^
  File "/home/sumeet/Documents/Lace/research/F02/pilot/worktrees_2a-pilot/T02/tests_reference.py", line 53, in test_T03
    f0()
    ~~^^
  File "/home/sumeet/Documents/Lace/research/F02/pilot/worktrees_2a-pilot/T02/retry.py", line 23, in wrapper
    raise last_exc if last_exc else RuntimeError("no attempt")
RuntimeError: no attempt
Traceback (most recent call last):
  File "/home/sumeet/Documents/Lace/research/F02/pilot/worktrees_2a-pilot/T02/run_tests.py", line 9, in <module>
    t()
    ~^^
  File "/home/sumeet/Documents/Lace/research/F02/pilot/worktrees_2a-pilot/T02/tests_reference.py", line 113, in test_T04
    assert ac == {"a": 10, "b": 50}
           ^^^^^^^^^^^^^^^^^^^^^^^^
AssertionError
Traceback (most recent call last):
  File "/home/sumeet/Documents/Lace/research/F02/pilot/worktrees_2a-pilot/T02/run_tests.py", line 9, in <module>
    t()
    ~^^
  File "/home/sumeet/Documents/Lace/research/F02/pilot/worktrees_2a-pilot/T02/tests_reference.py", line 149, in test_T05
    assert False
           ^^^^^
AssertionError
