FAIL test_T01: 
FAIL test_T02: 
FAIL test_T03: 
FAIL test_T04: 
FAIL test_T05: 
PASS test_regression_simple

1/6 passed
FAILED: ['test_T01', 'test_T02', 'test_T03', 'test_T04', 'test_T05']
Traceback (most recent call last):
  File "/tmp/baseline_T03_25niwstz/run_tests.py", line 9, in <module>
    t()
    ~^^
  File "/tmp/baseline_T03_25niwstz/tests_reference.py", line 12, in test_T01
    assert d == datetime(2024,1,15,12,30,0, tzinfo=timezone.utc)
           ^^^^^^^^^^^^^^^^^^^^^^^^^^^^^^^^^^^^^^^^^^^^^^^^^^^^^
AssertionError
Traceback (most recent call last):
  File "/tmp/baseline_T03_25niwstz/run_tests.py", line 9, in <module>
    t()
    ~^^
  File "/tmp/baseline_T03_25niwstz/tests_reference.py", line 33, in test_T02
    assert merge_intervals([[15,18],[1,3],[2,6],[8,10]]) == [[1,6],[8,10],[15,18]]
           ^^^^^^^^^^^^^^^^^^^^^^^^^^^^^^^^^^^^^^^^^^^^^^^^^^^^^^^^^^^^^^^^^^^^^^^
AssertionError
Traceback (most recent call last):
  File "/tmp/baseline_T03_25niwstz/run_tests.py", line 9, in <module>
    t()
    ~^^
  File "/tmp/baseline_T03_25niwstz/tests_reference.py", line 81, in test_T03
    assert len(calls) == 1
           ^^^^^^^^^^^^^^^
AssertionError
Traceback (most recent call last):
  File "/tmp/baseline_T03_25niwstz/run_tests.py", line 9, in <module>
    t()
    ~^^
  File "/tmp/baseline_T03_25niwstz/tests_reference.py", line 113, in test_T04
    assert ac == {"a": 10, "b": 50}
           ^^^^^^^^^^^^^^^^^^^^^^^^
AssertionError
Traceback (most recent call last):
  File "/tmp/baseline_T03_25niwstz/run_tests.py", line 9, in <module>
    t()
    ~^^
  File "/tmp/baseline_T03_25niwstz/tests_reference.py", line 149, in test_T05
    assert False
           ^^^^^
AssertionError
